ubuntu@B25696:~$ mkdir sbl
ubuntu@B25696:~$ cd sbl
ubuntu@B25696:~/sbl$ git config --gloabe user.name "mccema"
error: unknown option `gloabe'
usage: git config [<options>]

Config file location
    --[no-]global         use global config file
    --[no-]system         use system config file
    --[no-]local          use repository config file
    --[no-]worktree       use per-worktree config file
    -f, --[no-]file <file>
                          use given config file
    --[no-]blob <blob-id> read config from given blob object

Action
    --[no-]get            get value: name [value-pattern]
    --[no-]get-all        get all values: key [value-pattern]
    --[no-]get-regexp     get values for regexp: name-regex [value-pattern]
    --[no-]get-urlmatch   get value specific for the URL: section[.var] URL
    --[no-]replace-all    replace all matching variables: name value [value-pattern]
    --[no-]add            add a new variable: name value
    --[no-]unset          remove a variable: name [value-pattern]
    --[no-]unset-all      remove all matches: name [value-pattern]
    --[no-]rename-section rename section: old-name new-name
    --[no-]remove-section remove a section: name
    -l, --[no-]list       list all
    --[no-]fixed-value    use string equality when comparing values to 'value-pattern'
    -e, --[no-]edit       open an editor
    --[no-]get-color      find the color configured: slot [default]
    --[no-]get-colorbool  find the color setting: slot [stdout-is-tty]

Type
    -t, --[no-]type <type>
                          value is given this type
    --bool                value is "true" or "false"
    --int                 value is decimal number
    --bool-or-int         value is --bool or --int
    --bool-or-str         value is --bool or string
    --path                value is a path (file or directory name)
    --expiry-date         value is an expiry date

Other
    -z, --[no-]null       terminate values with NUL byte
    --[no-]name-only      show variable names only
    --[no-]includes       respect include directives on lookup
    --[no-]show-origin    show origin of config (file, standard input, blob, command line)
    --[no-]show-scope     show scope of config (worktree, local, global, system, command)
    --[no-]default <value>
                          with --get, use default value when missing entry

ubuntu@B25696:~/sbl$ git config -- global user.name "mccema"
error: key does not contain a section: global
ubuntu@B25696:~/sbl$ git config --global user.name "mccema"
ubuntu@B25696:~/sbl$ git config --global user.email "mccema101@gmail.com"
ubuntu@B25696:~/sbl$ git clone https://github.com/mccema/students-advent-2023.git
Cloning into 'students-advent-2023'...
remote: Enumerating objects: 10, done.
remote: Counting objects: 100% (10/10), done.
remote: Compressing objects: 100% (9/9), done.
remote: Total 10 (delta 1), reused 1 (delta 0), pack-reused 0 (from 0)
Receiving objects: 100% (10/10), 13.84 KiB | 95.00 KiB/s, done.
Resolving deltas: 100% (1/1), done.
ubuntu@B25696:~/sbl$ cd students-advent-2023.git
-bash: cd: students-advent-2023.git: No such file or directory
ubuntu@B25696:~/sbl$ ls
students-advent-2023
ubuntu@B25696:~/sbl$ cd students-advent-2023
ubuntu@B25696:~/sbl/students-advent-2023$ git checkout -b exam-bsit
Switched to a new branch 'exam-bsit'
ubuntu@B25696:~/sbl/students-advent-2023$ ls
LICENSE  README.md  accessnumber.sh
ubuntu@B25696:~/sbl/students-advent-2023$ nano accessnumber.sh
ubuntu@B25696:~/sbl/students-advent-2023$ chmod 766 accessnumber.sh
ubuntu@B25696:~/sbl/students-advent-2023$ ./accessnumber.sh
Enter your Reg-No: S233
Reg-no
ubuntu@B25696:~/sbl/students-advent-2023$ git add accessnumber.sh
ubuntu@B25696:~/sbl/students-advent-2023$ git commit -m  "Changed Reg -no"
[exam-bsit f2a2fae] Changed Reg -no
 1 file changed, 1 insertion(+)
 mode change 100644 => 100755 accessnumber.sh
ubuntu@B25696:~/sbl/students-advent-2023$ git push origin
fatal: The current branch exam-bsit has no upstream branch.
To push the current branch and set the remote as upstream, use

    git push --set-upstream origin exam-bsit

To have this happen automatically for branches without a tracking
upstream, see 'push.autoSetupRemote' in 'git help config'.

ubuntu@B25696:~/sbl/students-advent-2023$ git push origin accessnumber.sh
error: src refspec accessnumber.sh does not match any
error: failed to push some refs to 'https://github.com/mccema/students-advent-2023.git'
ubuntu@B25696:~/sbl/students-advent-2023$ git push origi exam-bsit
fatal: 'origi' does not appear to be a git repository
fatal: Could not read from remote repository.

Please make sure you have the correct access rights
and the repository exists.
ubuntu@B25696:~/sbl/students-advent-2023$ git push origin exam-bsit
Username for 'https://github.com': mccema
Password for 'https://mccemaa@github.com':password